// Jest Snapshot v1, https://goo.gl/fbAQLP

exports[`containers/GlobalError should render showing an error when defined 1`] = `
<div
  class="no-print cf GlobalError__ErrorWrapper-sc-1ygzfct-0 fDxdan"
>
  <div
    class="GlobalError__ErrorContainer-sc-1ygzfct-1 hamGfo"
  >
    <p
      class="GlobalError__P-sc-1ygzfct-2 iYlIGQ"
    />
    <button
      class="GlobalError__Button-sc-1ygzfct-3 hPfAeg"
      type="button"
    >
      <img
        fill="#fff"
        focusable="false"
        width="14"
      />
      <span
        class="GlobalError__Label-sc-1ygzfct-4 gqwtoq"
      />
    </button>
  </div>
</div>
`;

exports[`containers/GlobalError should render showing no error by default 1`] = `
<div>
  
</div>
`;
