// Jest Snapshot v1, https://goo.gl/fbAQLP

exports[`Suggest matches the snapshot 1`] = `
.c3 {
  padding: 0 !important;
}

.c3:focus {
  outline: 4px solid #ffc90e !important;
}

.c3:hover,
.c3:focus {
  color: #ec0000;
  fill: #ec0000;
}

.c4 {
  vertical-align: baseline;
  margin-right: 5px;
}

.c1 {
  padding-left: 4px;
}

.c2 {
  margin-left: 4px !important;
}

.c0 {
  background: white;
  border-top: none;
  border: #767676 solid 1px;
  width: 100%;
}

.c0 li:first-of-type {
  margin-top: 8px !important;
}

@media screen and (-ms-high-contrast:active),(-ms-high-contrast:none) {
  .c0 a {
    height: 26px;
  }
}

<ul
  class=" links c0"
>
  <li>
    <strong
      class="c1"
    >
      Adressen
    </strong>
    <ul
      class="links"
    >
      <li>
        <a
          class="c2 c3 sc-gZMcBi kDLxnL sc-EHOje htmEbB"
          data-brk-id="0363010000740956"
          href="/"
        >
          <svg
            class="c4"
            focusable="false"
            viewBox="0 0 32 32"
            width="14"
          >
            <path
              d="M9.757 32l-2.9-2.91L19.937 16 6.857 2.91 9.757 0l16 16z"
              fill-rule="evenodd"
            />
          </svg>
          <span
            class="linklabel"
          >
            FakeStreet 999X
          </span>
        </a>
      </li>
      <li>
        <a
          class="c2 c3 sc-gZMcBi kDLxnL sc-EHOje htmEbB"
          data-lig-id="0363010000740956"
          href="/"
        >
          <svg
            class="c4"
            focusable="false"
            viewBox="0 0 32 32"
            width="14"
          >
            <path
              d="M9.757 32l-2.9-2.91L19.937 16 6.857 2.91 9.757 0l16 16z"
              fill-rule="evenodd"
            />
          </svg>
          <span
            class="linklabel"
          >
            FakeStreet 999Y
          </span>
        </a>
      </li>
      <li>
        <a
          class="c2 c3 sc-gZMcBi kDLxnL sc-EHOje htmEbB"
          data-vbo-id="0363010000740958"
          href="/"
        >
          <svg
            class="c4"
            focusable="false"
            viewBox="0 0 32 32"
            width="14"
          >
            <path
              d="M9.757 32l-2.9-2.91L19.937 16 6.857 2.91 9.757 0l16 16z"
              fill-rule="evenodd"
            />
          </svg>
          <span
            class="linklabel"
          >
            FakeStreet 999Z
          </span>
        </a>
      </li>
    </ul>
  </li>
</ul>
`;
