// Jest Snapshot v1, https://goo.gl/fbAQLP

exports[`Suggest matches the snapshot 1`] = `
.c3 {
  padding: 0 !important;
}

.c3:focus {
  outline: 4px solid #ffc90e !important;
}

.c3:hover,
.c3:focus {
  color: #ec0000;
  fill: #ec0000;
}

.c5 {
  vertical-align: baseline;
  margin-right: 5px;
}

.c1 {
  padding-left: 4px;
}

.c2 {
  margin-left: 4px !important;
}

.c0 {
  background: white;
  border-top: none;
  border: #767676 solid 1px;
  width: 100%;
}

.c0 li:first-of-type {
  margin-top: 8px !important;
}

.c4 {
  color: #004699;
  display: inline-block;
  margin-top: 0;
  margin-right: 0;
  margin-bottom: 0;
  margin-left: 0;
  font-family: inherit;
  font-weight: 300;
  font-size: 1rem;
  -webkit-letter-spacing: -0.01562em;
  -moz-letter-spacing: -0.01562em;
  -ms-letter-spacing: -0.01562em;
  letter-spacing: -0.01562em;
  line-height: 1;
  font-style: normal;
  font-stretch: normal;
  -webkit-letter-spacing: normal;
  -moz-letter-spacing: normal;
  -ms-letter-spacing: normal;
  letter-spacing: normal;
}

.c4:focus {
  outline: none;
  background-color: #FEC813;
}

.c4:hover {
  color: #ec0000;
}

.c6 {
  color: #004699;
  display: inline-block;
  margin-top: 0;
  margin-right: 0;
  margin-bottom: 0;
  margin-left: 0;
  font-family: inherit;
  font-weight: 300;
  font-size: 1rem;
  -webkit-letter-spacing: -0.01562em;
  -moz-letter-spacing: -0.01562em;
  -ms-letter-spacing: -0.01562em;
  letter-spacing: -0.01562em;
  line-height: 1;
  font-style: normal;
  font-stretch: normal;
  -webkit-letter-spacing: normal;
  -moz-letter-spacing: normal;
  -ms-letter-spacing: normal;
  letter-spacing: normal;
}

.c6:focus {
  outline: none;
  background-color: #FEC813;
}

.c6:hover {
  color: #ec0000;
}

.c7 {
  color: #004699;
  display: inline-block;
  margin-top: 0;
  margin-right: 0;
  margin-bottom: 0;
  margin-left: 0;
  font-family: inherit;
  font-weight: 300;
  font-size: 1rem;
  -webkit-letter-spacing: -0.01562em;
  -moz-letter-spacing: -0.01562em;
  -ms-letter-spacing: -0.01562em;
  letter-spacing: -0.01562em;
  line-height: 1;
  font-style: normal;
  font-stretch: normal;
  -webkit-letter-spacing: normal;
  -moz-letter-spacing: normal;
  -ms-letter-spacing: normal;
  letter-spacing: normal;
}

.c7:focus {
  outline: none;
  background-color: #FEC813;
}

.c7:hover {
  color: #ec0000;
}

<ul
  class=" links c0"
>
  <li>
    <strong
      class="c1"
    >
      Adressen
    </strong>
    <ul
      class="links"
    >
      <li>
        <a
          class="c2 c3 c4"
          data-brk-id="0363010000740956"
          data-vbo-id="0363010000740956"
          href="/"
        >
          <img
            class="c5"
            width="14"
          />
          <span
            class="linklabel"
          >
            FakeStreet 999X
          </span>
        </a>
      </li>
      <li>
        <a
          class="c2 c3 c6"
          data-brk-id="0363010000740957"
          data-vbo-id="0363010000740957"
          href="/"
        >
          <img
            class="c5"
            width="14"
          />
          <span
            class="linklabel"
          >
            FakeStreet 999Y
          </span>
        </a>
      </li>
      <li>
        <a
          class="c2 c3 c7"
          data-brk-id="0363010000740958"
          data-vbo-id="0363010000740958"
          href="/"
        >
          <img
            class="c5"
            width="14"
          />
          <span
            class="linklabel"
          >
            FakeStreet 999Z
          </span>
        </a>
      </li>
    </ul>
  </li>
</ul>
`;
