// Jest Snapshot v1, https://goo.gl/fbAQLP

exports[`Link matches the snapshot 1`] = `
.c0 {
  padding: 0 !important;
}

.c0:focus {
  outline: 4px solid #ffc90e !important;
}

.c0:hover,
.c0:focus {
  color: #ec0000;
  fill: #ec0000;
}

.c1 {
  vertical-align: baseline;
  margin-right: 5px;
}

<a
  class="c0 sc-gZMcBi kDLxnL sc-EHOje htmEbB"
  href="//some-url.com"
>
  <svg
    class="c1"
    focusable="false"
    viewBox="0 0 32 32"
    width="14"
  >
    <path
      d="M9.757 32l-2.9-2.91L19.937 16 6.857 2.91 9.757 0l16 16z"
      fill-rule="evenodd"
    />
  </svg>
  <span
    class="linklabel"
  >
    Foo bar
  </span>
</a>
`;
