// Jest Snapshot v1, https://goo.gl/fbAQLP

exports[`Link matches the snapshot 1`] = `
.c0 {
  margin: 0;
  color: #000000;
  font-weight: inherit;
  font-size: 1rem;
  -webkit-letter-spacing: inherit;
  -moz-letter-spacing: inherit;
  -ms-letter-spacing: inherit;
  letter-spacing: inherit;
  line-height: 1.25;
  margin-bottom: 0;
  font-stretch: normal;
  -webkit-letter-spacing: normal;
  -moz-letter-spacing: normal;
  -ms-letter-spacing: normal;
  letter-spacing: normal;
}

.c1 {
  display: -webkit-inline-box;
  display: -webkit-inline-flex;
  display: -ms-inline-flexbox;
  display: inline-flex;
  -webkit-text-decoration: none;
  text-decoration: none;
  font-weight: 700;
  color: #000000;
}

.c1:focus {
  background-color: #FEC813;
}

.c1 .c4 {
  margin: 3px;
}

.c1 .c4 svg rect,
.c1 .c4 svg polygon,
.c1 .c4 svg path {
  fill: #000000;
}

.c1:hover {
  color: #ec0000;
  -webkit-text-decoration: underline;
  text-decoration: underline;
}

.c1:hover .c4 svg rect,
.c1:hover .c4 svg polygon,
.c1:hover .c4 svg path {
  fill: #ec0000;
}

.c2 {
  padding: 0 !important;
  font-weight: 400;
}

.c2:focus {
  outline: 4px solid #ffc90e !important;
}

.c2:hover,
.c2:focus {
  color: #ec0000;
  fill: #ec0000;
}

.c3 {
  vertical-align: baseline;
  margin-right: 5px;
}

<a
  class="c0 c1 c2"
  href="//some-url.com"
>
  <svg
    class="c3"
    focusable="false"
    viewBox="0 0 32 32"
    width="14"
  >
    <path
      d="M9.757 32l-2.9-2.91L19.937 16 6.857 2.91 9.757 0l16 16z"
      fill-rule="evenodd"
    />
  </svg>
  <span
    class="linklabel"
  >
    Foo bar
  </span>
</a>
`;
