// Jest Snapshot v1, https://goo.gl/fbAQLP

exports[`TOC matches the snapshot 1`] = `
.c0 {
  margin-top: 30px;
  margin-top: 0;
}

.c2 {
  padding: 0 !important;
}

.c2:focus {
  outline: 4px solid #ffc90e !important;
}

.c2:hover,
.c2:focus {
  color: #ec0000;
  fill: #ec0000;
}

.c3 {
  vertical-align: baseline;
  margin-right: 5px;
}

.c1 {
  margin: 0 !important;
  line-height: 34px;
}

@media print {
  .c0 {
    margin-top: 0;
  }
}

@media screen and (-ms-high-contrast:active),(-ms-high-contrast:none) {
  .c1 a {
    height: 22px;
  }
}

<div>
  <h3
    class="no-print c0"
  >
    Op deze pagina
  </h3>
  <ul
    class="links no-print"
  >
    <li
      class="c1"
    >
      <a
        class="c2 sc-gZMcBi kDLxnL sc-EHOje htmEbB"
        href="#Openbare ruimte"
      >
        <svg
          class="c3"
          focusable="false"
          viewBox="0 0 32 32"
          width="14"
        >
          <path
            d="M9.757 32l-2.9-2.91L19.937 16 6.857 2.91 9.757 0l16 16z"
            fill-rule="evenodd"
          />
        </svg>
        <span
          class="linklabel"
        >
          Openbare ruimte
        </span>
      </a>
    </li>
    <li
      class="c1"
    >
      <a
        class="c2 sc-gZMcBi kDLxnL sc-EHOje htmEbB"
        href="#Woonplaats"
      >
        <svg
          class="c3"
          focusable="false"
          viewBox="0 0 32 32"
          width="14"
        >
          <path
            d="M9.757 32l-2.9-2.91L19.937 16 6.857 2.91 9.757 0l16 16z"
            fill-rule="evenodd"
          />
        </svg>
        <span
          class="linklabel"
        >
          Woonplaats
        </span>
      </a>
    </li>
    <li
      class="c1"
    >
      <a
        class="c2 sc-gZMcBi kDLxnL sc-EHOje htmEbB"
        href="#Nummeraanduiding"
      >
        <svg
          class="c3"
          focusable="false"
          viewBox="0 0 32 32"
          width="14"
        >
          <path
            d="M9.757 32l-2.9-2.91L19.937 16 6.857 2.91 9.757 0l16 16z"
            fill-rule="evenodd"
          />
        </svg>
        <span
          class="linklabel"
        >
          Nummeraanduiding
        </span>
      </a>
    </li>
    <li
      class="c1"
    >
      <a
        class="c2 sc-gZMcBi kDLxnL sc-EHOje htmEbB"
        href="#Verblijfsobject"
      >
        <svg
          class="c3"
          focusable="false"
          viewBox="0 0 32 32"
          width="14"
        >
          <path
            d="M9.757 32l-2.9-2.91L19.937 16 6.857 2.91 9.757 0l16 16z"
            fill-rule="evenodd"
          />
        </svg>
        <span
          class="linklabel"
        >
          Verblijfsobject
        </span>
      </a>
    </li>
    <li
      class="c1"
    >
      <a
        class="c2 sc-gZMcBi kDLxnL sc-EHOje htmEbB"
        href="#Pand"
      >
        <svg
          class="c3"
          focusable="false"
          viewBox="0 0 32 32"
          width="14"
        >
          <path
            d="M9.757 32l-2.9-2.91L19.937 16 6.857 2.91 9.757 0l16 16z"
            fill-rule="evenodd"
          />
        </svg>
        <span
          class="linklabel"
        >
          Pand
        </span>
      </a>
    </li>
    <li
      class="c1"
    >
      <a
        class="c2 sc-gZMcBi kDLxnL sc-EHOje htmEbB"
        href="#Kadastraal object"
      >
        <svg
          class="c3"
          focusable="false"
          viewBox="0 0 32 32"
          width="14"
        >
          <path
            d="M9.757 32l-2.9-2.91L19.937 16 6.857 2.91 9.757 0l16 16z"
            fill-rule="evenodd"
          />
        </svg>
        <span
          class="linklabel"
        >
          Kadastraal object
        </span>
      </a>
    </li>
    <li
      class="c1"
    >
      <a
        class="c2 sc-gZMcBi kDLxnL sc-EHOje htmEbB"
        href="#Kadastraal subject NNP"
      >
        <svg
          class="c3"
          focusable="false"
          viewBox="0 0 32 32"
          width="14"
        >
          <path
            d="M9.757 32l-2.9-2.91L19.937 16 6.857 2.91 9.757 0l16 16z"
            fill-rule="evenodd"
          />
        </svg>
        <span
          class="linklabel"
        >
          Kadastraal subject NNP
        </span>
      </a>
    </li>
    <li
      class="c1"
    >
      <a
        class="c2 sc-gZMcBi kDLxnL sc-EHOje htmEbB"
        href="#Gebied"
      >
        <svg
          class="c3"
          focusable="false"
          viewBox="0 0 32 32"
          width="14"
        >
          <path
            d="M9.757 32l-2.9-2.91L19.937 16 6.857 2.91 9.757 0l16 16z"
            fill-rule="evenodd"
          />
        </svg>
        <span
          class="linklabel"
        >
          Gebied
        </span>
      </a>
    </li>
  </ul>
</div>
`;
